// Jest Snapshot v1, https://goo.gl/fbAQLP

exports[`log/Log test, when used as a class decorator should correctly log apply 1`] = `"[\\"\\\\u001b[40m\\\\u001b[49m\\\\n\\\\u001b[40m  \\\\u001b[97mLogger\\\\u001b[39m         \\\\u001b[37m@\\\\u001b[39m  \\\\u001b[91mTFunction\\\\u001b[39m                                       \\\\u001b[49m\\\\n\\\\u001b[40m  \\\\u001b[97mCall \\\\u001b[91mfunction\\\\u001b[39m\\\\u001b[39m  \\\\u001b[37m@\\\\u001b[39m  \\\\u001b[93mTFunction\\\\u001b[39m\\\\u001b[97m(\\\\u001b[39m\\\\u001b[97marg1\\\\u001b[39m\\\\u001b[97m:\\\\u001b[39m \\\\u001b[97mNumber\\\\u001b[39m\\\\u001b[91m,\\\\u001b[39m \\\\u001b[97marg2\\\\u001b[39m\\\\u001b[97m:\\\\u001b[39m \\\\u001b[97mNumber\\\\u001b[39m\\\\u001b[97m)\\\\u001b[39m\\\\u001b[97m:\\\\u001b[39m \\\\u001b[97mNumber\\\\u001b[39m\\\\u001b[91m;\\\\u001b[39m  \\\\u001b[49m\\\\n\\\\u001b[40m  \\\\u001b[97mCall context\\\\u001b[39m   \\\\u001b[37m@\\\\u001b[39m  \\\\u001b[97m{\\\\u001b[39m\\\\u001b[97m}\\\\u001b[39m                                              \\\\u001b[49m\\\\n\\\\u001b[40m  \\\\u001b[97mCall with\\\\u001b[39m      \\\\u001b[37m@\\\\u001b[39m  \\\\u001b[97m(\\\\u001b[39m\\\\u001b[36m20\\\\u001b[39m\\\\u001b[91m,\\\\u001b[39m \\\\u001b[36m30\\\\u001b[39m\\\\u001b[97m)\\\\u001b[39m                                        \\\\u001b[49m\\\\n\\\\u001b[40m  \\\\u001b[97mCall result\\\\u001b[39m    \\\\u001b[37m@\\\\u001b[39m  \\\\u001b[36m50\\\\u001b[39m                                              \\\\u001b[49m\\"]"`;

exports[`log/Log test, when used as a class decorator should correctly log constructor 1`] = `"[\\"\\\\u001b[40m\\\\u001b[49m\\\\n\\\\u001b[40m  \\\\u001b[97mLogger\\\\u001b[39m                  \\\\u001b[37m@\\\\u001b[39m  \\\\u001b[91mTConstructor\\\\u001b[39m                      \\\\u001b[49m\\\\n\\\\u001b[40m  \\\\u001b[97mConstruct \\\\u001b[91mnew\\\\u001b[39m \\\\u001b[97minstance\\\\u001b[97m\\\\u001b[39m  \\\\u001b[37m@\\\\u001b[39m  \\\\u001b[91mObject\\\\u001b[39m                            \\\\u001b[49m\\\\n\\\\u001b[40m  \\\\u001b[97mConstruct arguments\\\\u001b[39m     \\\\u001b[37m@\\\\u001b[39m  \\\\u001b[97m(\\\\u001b[39m\\\\u001b[97m{\\\\u001b[39m \\\\u001b[35ma\\\\u001b[39m\\\\u001b[97m:\\\\u001b[39m \\\\u001b[36m10\\\\u001b[39m \\\\u001b[97m}\\\\u001b[39m\\\\u001b[91m,\\\\u001b[39m \\\\u001b[36m100\\\\u001b[39m\\\\u001b[91m,\\\\u001b[39m \\\\u001b[32m\\\\\\"100\\\\\\"\\\\u001b[39m\\\\u001b[91m,\\\\u001b[39m \\\\u001b[97m[\\\\u001b[39m\\\\u001b[32m\\\\\\"str\\\\\\"\\\\u001b[39m\\\\u001b[97m]\\\\u001b[39m\\\\u001b[97m)\\\\u001b[39m  \\\\u001b[49m\\"]"`;

exports[`log/Log test, when used as a class decorator should correctly log defineProperty 1`] = `"[\\"\\\\u001b[40m\\\\u001b[49m\\\\n\\\\u001b[40m  \\\\u001b[97mLogger\\\\u001b[39m                  \\\\u001b[37m@\\\\u001b[39m  \\\\u001b[91mTLogFullProperty\\\\u001b[39m      \\\\u001b[49m\\\\n\\\\u001b[40m  \\\\u001b[97mCall \\\\u001b[93mdefineProperty\\\\u001b[97m \\\\u001b[97mon\\\\u001b[97m\\\\u001b[39m  \\\\u001b[37m@\\\\u001b[39m  \\\\u001b[97mTLogFullProperty\\\\u001b[39m      \\\\u001b[49m\\\\n\\\\u001b[40m  \\\\u001b[97mProperty key\\\\u001b[39m            \\\\u001b[37m@\\\\u001b[39m  \\\\u001b[35mprop\\\\u001b[39m                  \\\\u001b[49m\\\\n\\\\u001b[40m  \\\\u001b[97mProperty descriptor\\\\u001b[39m     \\\\u001b[37m@\\\\u001b[39m  \\\\u001b[97m{\\\\u001b[39m \\\\u001b[35mvalue\\\\u001b[39m\\\\u001b[97m:\\\\u001b[39m \\\\u001b[32m\\\\\\"new val\\\\\\"\\\\u001b[39m \\\\u001b[97m}\\\\u001b[39m  \\\\u001b[49m\\\\n\\\\u001b[40m  \\\\u001b[97mCall result\\\\u001b[39m             \\\\u001b[37m@\\\\u001b[39m  \\\\u001b[91mtrue\\\\u001b[39m                  \\\\u001b[49m\\"]"`;

exports[`log/Log test, when used as a class decorator should correctly log delete 1`] = `"[\\"\\\\u001b[40m\\\\u001b[49m\\\\n\\\\u001b[40m  \\\\u001b[97mLogger\\\\u001b[39m                  \\\\u001b[37m@\\\\u001b[39m  \\\\u001b[91mTLogFullProperty\\\\u001b[39m        \\\\u001b[49m\\\\n\\\\u001b[40m  \\\\u001b[97mAccess \\\\u001b[91mdelete\\\\u001b[39m \\\\u001b[97moperator\\\\u001b[97m\\\\u001b[39m  \\\\u001b[37m@\\\\u001b[39m  \\\\u001b[91mdelete\\\\u001b[39m \\\\u001b[91mObject\\\\u001b[39m\\\\u001b[97m[\\\\u001b[39m\\\\u001b[32m\\\\\\"prop\\\\\\"\\\\u001b[39m\\\\u001b[97m]\\\\u001b[39m\\\\u001b[91m;\\\\u001b[39m  \\\\u001b[49m\\\\n\\\\u001b[40m  \\\\u001b[97mDelete result\\\\u001b[39m           \\\\u001b[37m@\\\\u001b[39m  \\\\u001b[91mtrue\\\\u001b[39m                    \\\\u001b[49m\\"]"`;

exports[`log/Log test, when used as a class decorator should correctly log getOwnPropertyDescriptor 1`] = `"[\\"\\\\u001b[40m\\\\u001b[49m\\\\n\\\\u001b[40m  \\\\u001b[97mLogger\\\\u001b[39m                            \\\\u001b[37m@\\\\u001b[39m  \\\\u001b[91mTLogFullProperty\\\\u001b[39m                              \\\\u001b[49m\\\\n\\\\u001b[40m  \\\\u001b[97mCall \\\\u001b[93mgetOwnPropertyDescriptor\\\\u001b[97m \\\\u001b[97mon\\\\u001b[97m\\\\u001b[39m  \\\\u001b[37m@\\\\u001b[39m  \\\\u001b[32m\\\\\\"prop\\\\\\"\\\\u001b[39m                                        \\\\u001b[49m\\\\n\\\\u001b[40m  \\\\u001b[97mRetrieved descriptor\\\\u001b[39m              \\\\u001b[37m@\\\\u001b[39m  \\\\u001b[97m{\\\\u001b[39m \\\\u001b[35mvalue\\\\u001b[39m\\\\u001b[97m:\\\\u001b[39m \\\\u001b[32m\\\\\\"prop_value\\\\\\"\\\\u001b[39m\\\\u001b[91m,\\\\u001b[39m \\\\u001b[35mwritable\\\\u001b[39m\\\\u001b[97m:\\\\u001b[39m \\\\u001b[91mtrue\\\\u001b[39m\\\\u001b[97m\\\\u001b[91m,\\\\u001b[39m \\\\u001b[97m.\\\\u001b[39m\\\\u001b[97m.\\\\u001b[39m\\\\u001b[97m.\\\\u001b[39m\\\\u001b[39m \\\\u001b[97m}\\\\u001b[39m  \\\\u001b[49m\\"]"`;

exports[`log/Log test, when used as a class decorator should correctly log getPrototypeOf 1`] = `"[\\"\\\\u001b[40m\\\\u001b[49m\\\\n\\\\u001b[40m  \\\\u001b[97mLogger\\\\u001b[39m                  \\\\u001b[37m@\\\\u001b[39m  \\\\u001b[91mTGetPrototypeOf\\\\u001b[39m  \\\\u001b[49m\\\\n\\\\u001b[40m  \\\\u001b[97mCall \\\\u001b[93mgetPrototypeOf\\\\u001b[97m \\\\u001b[97mof\\\\u001b[97m\\\\u001b[39m  \\\\u001b[37m@\\\\u001b[39m  \\\\u001b[97mTGetPrototypeOf\\\\u001b[39m  \\\\u001b[49m\\\\n\\\\u001b[40m  \\\\u001b[97mRetrieved prototype\\\\u001b[39m     \\\\u001b[37m@\\\\u001b[39m  \\\\u001b[91mObject\\\\u001b[39m           \\\\u001b[49m\\"]"`;

exports[`log/Log test, when used as a class decorator should correctly log has 1`] = `"[\\"\\\\u001b[40m\\\\u001b[49m\\\\n\\\\u001b[40m  \\\\u001b[97mLogger\\\\u001b[39m              \\\\u001b[37m@\\\\u001b[39m  \\\\u001b[91mTLogFullProperty\\\\u001b[39m            \\\\u001b[49m\\\\n\\\\u001b[40m  \\\\u001b[97mAccess \\\\u001b[91min\\\\u001b[39m \\\\u001b[97moperator\\\\u001b[97m\\\\u001b[39m  \\\\u001b[37m@\\\\u001b[39m  \\\\u001b[32m\\\\\\"prop\\\\\\"\\\\u001b[39m \\\\u001b[91min\\\\u001b[39m \\\\u001b[97mTLogFullProperty\\\\u001b[39m  \\\\u001b[49m\\\\n\\\\u001b[40m  \\\\u001b[97mAccess result\\\\u001b[39m       \\\\u001b[37m@\\\\u001b[39m  \\\\u001b[91mtrue\\\\u001b[39m                        \\\\u001b[49m\\"]"`;

exports[`log/Log test, when used as a class decorator should correctly log isExtensible 1`] = `"[\\"\\\\u001b[40m\\\\u001b[49m\\\\n\\\\u001b[40m  \\\\u001b[97mLogger\\\\u001b[39m                 \\\\u001b[37m@\\\\u001b[39m  \\\\u001b[91mTIsExtensible\\\\u001b[39m  \\\\u001b[49m\\\\n\\\\u001b[40m  \\\\u001b[97mCheck \\\\u001b[93misExtensible\\\\u001b[97m \\\\u001b[97mof\\\\u001b[97m\\\\u001b[39m  \\\\u001b[37m@\\\\u001b[39m  \\\\u001b[97mTIsExtensible\\\\u001b[39m  \\\\u001b[49m\\\\n\\\\u001b[40m  \\\\u001b[97mResult\\\\u001b[39m                 \\\\u001b[37m@\\\\u001b[39m  \\\\u001b[91mtrue\\\\u001b[39m           \\\\u001b[49m\\"]"`;

exports[`log/Log test, when used as a class decorator should correctly log only call events on methods 1`] = `"[\\"\\\\u001b[40m\\\\u001b[49m\\\\n\\\\u001b[40m  \\\\u001b[97mLogger\\\\u001b[39m       \\\\u001b[37m@\\\\u001b[39m  \\\\u001b[91mT\\\\u001b[39m                  \\\\u001b[49m\\\\n\\\\u001b[40m  \\\\u001b[97mCall \\\\u001b[93mmethod\\\\u001b[97m\\\\u001b[39m  \\\\u001b[37m@\\\\u001b[39m  \\\\u001b[93mmethod\\\\u001b[39m\\\\u001b[97m(\\\\u001b[39m\\\\u001b[97m)\\\\u001b[39m\\\\u001b[97m:\\\\u001b[39m \\\\u001b[97mString\\\\u001b[39m\\\\u001b[91m;\\\\u001b[39m  \\\\u001b[49m\\\\n\\\\u001b[40m  \\\\u001b[97mCall result\\\\u001b[39m  \\\\u001b[37m@\\\\u001b[39m  \\\\u001b[32m\\\\\\"method_value\\\\\\"\\\\u001b[39m     \\\\u001b[49m\\"]"`;

exports[`log/Log test, when used as a class decorator should correctly log only get/set events on getters and setters 1`] = `"[\\"\\\\u001b[40m\\\\u001b[49m\\\\n\\\\u001b[40m  \\\\u001b[97mLogger\\\\u001b[39m           \\\\u001b[37m@\\\\u001b[39m  \\\\u001b[91mT\\\\u001b[39m                          \\\\u001b[49m\\\\n\\\\u001b[40m  \\\\u001b[97mAccess property\\\\u001b[39m  \\\\u001b[37m@\\\\u001b[39m  \\\\u001b[91mget\\\\u001b[39m \\\\u001b[93mgetSetProp\\\\u001b[39m\\\\u001b[97m(\\\\u001b[39m\\\\u001b[97m)\\\\u001b[39m\\\\u001b[97m:\\\\u001b[39m \\\\u001b[97mString\\\\u001b[39m\\\\u001b[91m;\\\\u001b[39m  \\\\u001b[49m\\\\n\\\\u001b[40m  \\\\u001b[97mAccess result\\\\u001b[39m    \\\\u001b[37m@\\\\u001b[39m  \\\\u001b[32m\\\\\\"getter_getSetProp\\\\\\"\\\\u001b[39m        \\\\u001b[49m\\"]"`;

exports[`log/Log test, when used as a class decorator should correctly log only get/set events on getters and setters 2`] = `"[\\"\\\\u001b[40m\\\\u001b[49m\\\\n\\\\u001b[40m  \\\\u001b[97mLogger\\\\u001b[39m        \\\\u001b[37m@\\\\u001b[39m  \\\\u001b[91mT\\\\u001b[39m                             \\\\u001b[49m\\\\n\\\\u001b[40m  \\\\u001b[97mSet property\\\\u001b[39m  \\\\u001b[37m@\\\\u001b[39m  \\\\u001b[91mset\\\\u001b[39m \\\\u001b[93mgetSetProp\\\\u001b[39m\\\\u001b[97m(\\\\u001b[39m\\\\u001b[97marg\\\\u001b[39m\\\\u001b[97m:\\\\u001b[39m \\\\u001b[97mString\\\\u001b[39m\\\\u001b[97m)\\\\u001b[39m\\\\u001b[91m;\\\\u001b[39m  \\\\u001b[49m\\\\n\\\\u001b[40m  \\\\u001b[97mSet \\\\u001b[32msucceed\\\\u001b[39m\\\\u001b[39m   \\\\u001b[37m@\\\\u001b[39m  \\\\u001b[93mgetSetProp\\\\u001b[39m \\\\u001b[97m=\\\\u001b[39m \\\\u001b[32m\\\\\\"\\\\\\"\\\\u001b[39m\\\\u001b[91m;\\\\u001b[39m              \\\\u001b[49m\\"]"`;

exports[`log/Log test, when used as a class decorator should correctly log only get/set events on property 1`] = `"[\\"\\\\u001b[40m\\\\u001b[49m\\\\n\\\\u001b[40m  \\\\u001b[97mLogger\\\\u001b[39m           \\\\u001b[37m@\\\\u001b[39m  \\\\u001b[91mT\\\\u001b[39m              \\\\u001b[49m\\\\n\\\\u001b[40m  \\\\u001b[97mAccess property\\\\u001b[39m  \\\\u001b[37m@\\\\u001b[39m  \\\\u001b[35mprop\\\\u001b[39m\\\\u001b[97m:\\\\u001b[39m \\\\u001b[97mString\\\\u001b[39m\\\\u001b[91m;\\\\u001b[39m  \\\\u001b[49m\\\\n\\\\u001b[40m  \\\\u001b[97mAccess result\\\\u001b[39m    \\\\u001b[37m@\\\\u001b[39m  \\\\u001b[32m\\\\\\"prop_value\\\\\\"\\\\u001b[39m   \\\\u001b[49m\\"]"`;

exports[`log/Log test, when used as a class decorator should correctly log only get/set events on property 2`] = `"[\\"\\\\u001b[40m\\\\u001b[49m\\\\n\\\\u001b[40m  \\\\u001b[97mLogger\\\\u001b[39m        \\\\u001b[37m@\\\\u001b[39m  \\\\u001b[91mT\\\\u001b[39m              \\\\u001b[49m\\\\n\\\\u001b[40m  \\\\u001b[97mSet property\\\\u001b[39m  \\\\u001b[37m@\\\\u001b[39m  \\\\u001b[35mprop\\\\u001b[39m\\\\u001b[97m:\\\\u001b[39m \\\\u001b[97mString\\\\u001b[39m\\\\u001b[91m;\\\\u001b[39m  \\\\u001b[49m\\\\n\\\\u001b[40m  \\\\u001b[97mSet \\\\u001b[32msucceed\\\\u001b[39m\\\\u001b[39m   \\\\u001b[37m@\\\\u001b[39m  \\\\u001b[35mprop\\\\u001b[39m \\\\u001b[97m=\\\\u001b[39m \\\\u001b[32m\\\\\\"\\\\\\"\\\\u001b[39m\\\\u001b[91m;\\\\u001b[39m     \\\\u001b[49m\\"]"`;

exports[`log/Log test, when used as a class decorator should correctly log ownKeys 1`] = `"[\\"\\\\u001b[40m\\\\u001b[49m\\\\n\\\\u001b[40m  \\\\u001b[97mLogger\\\\u001b[39m           \\\\u001b[37m@\\\\u001b[39m  \\\\u001b[91mTOwnKeys\\\\u001b[39m                    \\\\u001b[49m\\\\n\\\\u001b[40m  \\\\u001b[97mGet own keys of\\\\u001b[39m  \\\\u001b[37m@\\\\u001b[39m  \\\\u001b[97mTOwnKeys\\\\u001b[39m                    \\\\u001b[49m\\\\n\\\\u001b[40m  \\\\u001b[97mResult\\\\u001b[39m           \\\\u001b[37m@\\\\u001b[39m  \\\\u001b[97m[\\\\u001b[39m\\\\u001b[32m\\\\\\"key1\\\\\\"\\\\u001b[39m\\\\u001b[91m,\\\\u001b[39m \\\\u001b[32m\\\\\\"key2\\\\\\"\\\\u001b[39m\\\\u001b[91m,\\\\u001b[39m \\\\u001b[97mSymbol\\\\u001b[97m(\\\\u001b[39m\\\\u001b[97m)\\\\u001b[39m\\\\u001b[39m\\\\u001b[97m]\\\\u001b[39m  \\\\u001b[49m\\"]"`;

exports[`log/Log test, when used as a class decorator should correctly log ownKeys 2`] = `"[\\"\\\\u001b[40m\\\\u001b[49m\\\\n\\\\u001b[40m  \\\\u001b[97mLogger\\\\u001b[39m           \\\\u001b[37m@\\\\u001b[39m  \\\\u001b[91mTOwnKeys\\\\u001b[39m                    \\\\u001b[49m\\\\n\\\\u001b[40m  \\\\u001b[97mGet own keys of\\\\u001b[39m  \\\\u001b[37m@\\\\u001b[39m  \\\\u001b[97mTOwnKeys\\\\u001b[39m                    \\\\u001b[49m\\\\n\\\\u001b[40m  \\\\u001b[97mResult\\\\u001b[39m           \\\\u001b[37m@\\\\u001b[39m  \\\\u001b[97m[\\\\u001b[39m\\\\u001b[32m\\\\\\"key1\\\\\\"\\\\u001b[39m\\\\u001b[91m,\\\\u001b[39m \\\\u001b[32m\\\\\\"key2\\\\\\"\\\\u001b[39m\\\\u001b[91m,\\\\u001b[39m \\\\u001b[97mSymbol\\\\u001b[97m(\\\\u001b[39m\\\\u001b[97m)\\\\u001b[39m\\\\u001b[39m\\\\u001b[97m]\\\\u001b[39m  \\\\u001b[49m\\"]"`;

exports[`log/Log test, when used as a class decorator should correctly log ownKeys 3`] = `"[\\"\\\\u001b[40m\\\\u001b[49m\\\\n\\\\u001b[40m  \\\\u001b[97mLogger\\\\u001b[39m           \\\\u001b[37m@\\\\u001b[39m  \\\\u001b[91mTOwnKeys\\\\u001b[39m                    \\\\u001b[49m\\\\n\\\\u001b[40m  \\\\u001b[97mGet own keys of\\\\u001b[39m  \\\\u001b[37m@\\\\u001b[39m  \\\\u001b[97mTOwnKeys\\\\u001b[39m                    \\\\u001b[49m\\\\n\\\\u001b[40m  \\\\u001b[97mResult\\\\u001b[39m           \\\\u001b[37m@\\\\u001b[39m  \\\\u001b[97m[\\\\u001b[39m\\\\u001b[32m\\\\\\"key1\\\\\\"\\\\u001b[39m\\\\u001b[91m,\\\\u001b[39m \\\\u001b[32m\\\\\\"key2\\\\\\"\\\\u001b[39m\\\\u001b[91m,\\\\u001b[39m \\\\u001b[97mSymbol\\\\u001b[97m(\\\\u001b[39m\\\\u001b[97m)\\\\u001b[39m\\\\u001b[39m\\\\u001b[97m]\\\\u001b[39m  \\\\u001b[49m\\"]"`;

exports[`log/Log test, when used as a class decorator should correctly log ownKeys 4`] = `"[\\"\\\\u001b[40m\\\\u001b[49m\\\\n\\\\u001b[40m  \\\\u001b[97mLogger\\\\u001b[39m           \\\\u001b[37m@\\\\u001b[39m  \\\\u001b[91mTOwnKeys\\\\u001b[39m                    \\\\u001b[49m\\\\n\\\\u001b[40m  \\\\u001b[97mGet own keys of\\\\u001b[39m  \\\\u001b[37m@\\\\u001b[39m  \\\\u001b[97mTOwnKeys\\\\u001b[39m                    \\\\u001b[49m\\\\n\\\\u001b[40m  \\\\u001b[97mResult\\\\u001b[39m           \\\\u001b[37m@\\\\u001b[39m  \\\\u001b[97m[\\\\u001b[39m\\\\u001b[32m\\\\\\"key1\\\\\\"\\\\u001b[39m\\\\u001b[91m,\\\\u001b[39m \\\\u001b[32m\\\\\\"key2\\\\\\"\\\\u001b[39m\\\\u001b[91m,\\\\u001b[39m \\\\u001b[97mSymbol\\\\u001b[97m(\\\\u001b[39m\\\\u001b[97m)\\\\u001b[39m\\\\u001b[39m\\\\u001b[97m]\\\\u001b[39m  \\\\u001b[49m\\"]"`;

exports[`log/Log test, when used as a class decorator should correctly log ownKeys 5`] = `"[\\"\\\\u001b[40m\\\\u001b[49m\\\\n\\\\u001b[40m  \\\\u001b[97mLogger\\\\u001b[39m           \\\\u001b[37m@\\\\u001b[39m  \\\\u001b[91mTOwnKeys\\\\u001b[39m                    \\\\u001b[49m\\\\n\\\\u001b[40m  \\\\u001b[97mGet own keys of\\\\u001b[39m  \\\\u001b[37m@\\\\u001b[39m  \\\\u001b[97mTOwnKeys\\\\u001b[39m                    \\\\u001b[49m\\\\n\\\\u001b[40m  \\\\u001b[97mResult\\\\u001b[39m           \\\\u001b[37m@\\\\u001b[39m  \\\\u001b[97m[\\\\u001b[39m\\\\u001b[32m\\\\\\"key1\\\\\\"\\\\u001b[39m\\\\u001b[91m,\\\\u001b[39m \\\\u001b[32m\\\\\\"key2\\\\\\"\\\\u001b[39m\\\\u001b[91m,\\\\u001b[39m \\\\u001b[97mSymbol\\\\u001b[97m(\\\\u001b[39m\\\\u001b[97m)\\\\u001b[39m\\\\u001b[39m\\\\u001b[97m]\\\\u001b[39m  \\\\u001b[49m\\"]"`;

exports[`log/Log test, when used as a class decorator should correctly log preventExtensions 1`] = `"[\\"\\\\u001b[40m\\\\u001b[49m\\\\n\\\\u001b[40m  \\\\u001b[97mLogger\\\\u001b[39m                     \\\\u001b[37m@\\\\u001b[39m  \\\\u001b[91mTPreventExtensions\\\\u001b[39m  \\\\u001b[49m\\\\n\\\\u001b[40m  \\\\u001b[97mCall \\\\u001b[93mpreventExtensions\\\\u001b[97m \\\\u001b[97mon\\\\u001b[97m\\\\u001b[39m  \\\\u001b[37m@\\\\u001b[39m  \\\\u001b[97mTPreventExtensions\\\\u001b[39m  \\\\u001b[49m\\\\n\\\\u001b[40m  \\\\u001b[97mResult\\\\u001b[39m                     \\\\u001b[37m@\\\\u001b[39m  \\\\u001b[91mtrue\\\\u001b[39m                \\\\u001b[49m\\"]"`;

exports[`log/Log test, when used as a class decorator should correctly log setPrototypeOf 1`] = `"[\\"\\\\u001b[40m\\\\u001b[49m\\\\n\\\\u001b[40m  \\\\u001b[97mLogger\\\\u001b[39m                  \\\\u001b[37m@\\\\u001b[39m  \\\\u001b[91mTSetPrototypeOf\\\\u001b[39m  \\\\u001b[49m\\\\n\\\\u001b[40m  \\\\u001b[97mCall \\\\u001b[93msetPrototypeOf\\\\u001b[97m \\\\u001b[97mon\\\\u001b[97m\\\\u001b[39m  \\\\u001b[37m@\\\\u001b[39m  \\\\u001b[97mTSetPrototypeOf\\\\u001b[39m  \\\\u001b[49m\\\\n\\\\u001b[40m  \\\\u001b[97mSet \\\\u001b[32msucceed\\\\u001b[39m\\\\u001b[39m             \\\\u001b[37m@\\\\u001b[39m  \\\\u001b[91mObject\\\\u001b[39m           \\\\u001b[49m\\"]"`;
